---
source: src/tests/test_insta_event_snapshots.rs
expression: "serde_json::json!({\n            \"event\": \"StreamClawedBack\",\n            \"symbol\": \"vc_claw\",\n            \"topics\": {\n                \"count\": 2,\n                \"0\": { \"type\": \"Symbol\", \"value\": \"vc_claw\" },\n                \"1\": { \"type\": \"Address\", \"description\": \"recipient\" }\n            },\n            \"data\": {\n                \"count\": 4,\n                \"0\": { \"type\": \"Address\", \"description\": \"sponsor\" },\n                \"1\": { \"type\": \"Address\", \"description\": \"token\" },\n                \"2\": { \"type\": \"i128\",    \"description\": \"amount clawed back to sponsor\", \"example\": 2000 },\n                \"3\": { \"type\": \"String\",  \"description\": \"compliance reason (max 256 bytes)\" }\n            }\n        })\n        .to_string()"
---
{"data":{"0":{"description":"sponsor","type":"Address"},"1":{"description":"token","type":"Address"},"2":{"description":"amount clawed back to sponsor","example":2000,"type":"i128"},"3":{"description":"compliance reason (max 256 bytes)","type":"String"},"count":4},"event":"StreamClawedBack","symbol":"vc_claw","topics":{"0":{"type":"Symbol","value":"vc_claw"},"1":{"description":"recipient","type":"Address"},"count":2}}
