---
source: src/tests/test_insta_event_snapshots.rs
expression: "serde_json::json!({\n            \"event\": \"StreamDrained\",\n            \"symbol\": \"vc_drain\",\n            \"topics\": {\n                \"count\": 2,\n                \"0\": { \"type\": \"Symbol\", \"value\": \"vc_drain\" },\n                \"1\": { \"type\": \"Address\", \"description\": \"recipient\" }\n            },\n            \"data\": {\n                \"count\": 4,\n                \"0\": { \"type\": \"Address\", \"description\": \"caller (permissionless, any address)\" },\n                \"1\": { \"type\": \"Address\", \"description\": \"sponsor (receives drained tokens)\" },\n                \"2\": { \"type\": \"Address\", \"description\": \"token\" },\n                \"3\": { \"type\": \"i128\",    \"description\": \"amount drained to sponsor\", \"example\": 2000 }\n            }\n        })\n        .to_string()"
---
{"data":{"0":{"description":"caller (permissionless, any address)","type":"Address"},"1":{"description":"sponsor (receives drained tokens)","type":"Address"},"2":{"description":"token","type":"Address"},"3":{"description":"amount drained to sponsor","example":2000,"type":"i128"},"count":4},"event":"StreamDrained","symbol":"vc_drain","topics":{"0":{"type":"Symbol","value":"vc_drain"},"1":{"description":"recipient","type":"Address"},"count":2}}
